
Allocating common symbols
Common symbol       size              file

interrupts          0x20              arch/mips32/intr.o
kernel_start_pfn    0x4               kernel/mm/buddy.o
cursor_col          0x4               kernel/driver/vga.o
bootmmmap           0x8000            kernel/mm/bootmm.o
syscalls            0x400             kernel/syscall/syscall.o
bmm                 0x90              kernel/mm/bootmm.o
cursor_row          0x4               kernel/driver/vga.o
ps_buffer_index     0x4               usr/ps.o
firstusercode_start
                    0x4               kernel/mm/bootmm.o
exceptions          0x80              arch/mips32/exc.o
kernel_end_pfn      0x4               kernel/mm/buddy.o
buddy               0x54              kernel/mm/buddy.o
firstusercode_len   0x4               kernel/mm/bootmm.o
pages               0x4               kernel/mm/buddy.o
kmalloc_caches      0x270             kernel/mm/slab.o
ps_buffer           0x40              usr/ps.o

Discarded input sections

 .reginfo       0x0000000000000000       0x18 arch/mips32/start.o
 .reginfo       0x0000000000000000       0x18 arch/mips32/exc.o
 .MIPS.abiflags
                0x0000000000000000       0x18 arch/mips32/exc.o
 .reginfo       0x0000000000000000       0x18 arch/mips32/intr.o
 .MIPS.abiflags
                0x0000000000000000       0x18 arch/mips32/intr.o
 .reginfo       0x0000000000000000       0x18 arch/mips32/arch.o
 .MIPS.abiflags
                0x0000000000000000       0x18 arch/mips32/arch.o
 .reginfo       0x0000000000000000       0x18 kernel/init.o
 .MIPS.abiflags
                0x0000000000000000       0x18 kernel/init.o
 .reginfo       0x0000000000000000       0x18 kernel/mm/bootmm.o
 .MIPS.abiflags
                0x0000000000000000       0x18 kernel/mm/bootmm.o
 .reginfo       0x0000000000000000       0x18 kernel/mm/slab.o
 .MIPS.abiflags
                0x0000000000000000       0x18 kernel/mm/slab.o
 .reginfo       0x0000000000000000       0x18 kernel/mm/buddy.o
 .MIPS.abiflags
                0x0000000000000000       0x18 kernel/mm/buddy.o
 .reginfo       0x0000000000000000       0x18 kernel/lock/lock.o
 .MIPS.abiflags
                0x0000000000000000       0x18 kernel/lock/lock.o
 .reginfo       0x0000000000000000       0x18 kernel/driver/sd.o
 .MIPS.abiflags
                0x0000000000000000       0x18 kernel/driver/sd.o
 .reginfo       0x0000000000000000       0x18 kernel/driver/vga.o
 .MIPS.abiflags
                0x0000000000000000       0x18 kernel/driver/vga.o
 .reginfo       0x0000000000000000       0x18 kernel/driver/ps2.o
 .MIPS.abiflags
                0x0000000000000000       0x18 kernel/driver/ps2.o
 .reginfo       0x0000000000000000       0x18 kernel/syscall/syscall4.o
 .MIPS.abiflags
                0x0000000000000000       0x18 kernel/syscall/syscall4.o
 .reginfo       0x0000000000000000       0x18 kernel/syscall/syscall.o
 .MIPS.abiflags
                0x0000000000000000       0x18 kernel/syscall/syscall.o
 .reginfo       0x0000000000000000       0x18 kernel/time/time.o
 .MIPS.abiflags
                0x0000000000000000       0x18 kernel/time/time.o
 .reginfo       0x0000000000000000       0x18 utils/utils.o
 .MIPS.abiflags
                0x0000000000000000       0x18 utils/utils.o
 .reginfo       0x0000000000000000       0x18 utils/log.o
 .MIPS.abiflags
                0x0000000000000000       0x18 utils/log.o
 .reginfo       0x0000000000000000       0x18 utils/assert.o
 .MIPS.abiflags
                0x0000000000000000       0x18 utils/assert.o
 .reginfo       0x0000000000000000       0x18 usr/ps.o
 .MIPS.abiflags
                0x0000000000000000       0x18 usr/ps.o

Memory Configuration

Name             Origin             Length             Attributes
*default*        0x0000000000000000 0xffffffffffffffff

Linker script and memory map

                0x0000000080020000                . = 0x80020000

.interp
 *(.interp)

.gnu.version
 *(.gnu.version)

.gnu.version_d
 *(.gnu.version_d)

.gnu.version_r
 *(.gnu.version_r)

.rel.init
 *(.rel.init)

.rela.init
 *(.rela.init)

.rel.text
 *(.rel.text)
 *(.rel.text.*)
 *(.rel.gnu.linkonce.t*)

.rela.text
 *(.rela.text)
 *(.rela.text.*)
 *(.rela.gnu.linkonce.t*)

.rel.fini
 *(.rel.fini)

.rela.fini
 *(.rela.fini)

.rel.rodata
 *(.rel.rodata)
 *(.rel.rodata.*)
 *(.rel.gnu.linkonce.r*)

.rela.rodata
 *(.rela.rodata)
 *(.rela.rodata.*)
 *(.rela.gnu.linkonce.r*)

.rel.data
 *(.rel.data)
 *(.rel.data.*)
 *(.rel.gnu.linkonce.d*)

.rela.data
 *(.rela.data)
 *(.rela.data.*)
 *(.rela.gnu.linkonce.d*)

.rel.ctors
 *(.rel.ctors)

.rela.ctors
 *(.rela.ctors)

.rel.dtors
 *(.rel.dtors)

.rela.dtors
 *(.rela.dtors)

.rel.got
 *(.rel.got)

.rela.got
 *(.rela.got)

.rel.sdata
 *(.rel.sdata)
 *(.rel.sdata1)
 *(.rel.sdata.*)
 *(.rel.gnu.linkonce.s*)

.rela.sdata
 *(.rela.sdata)
 *(.rela.sdata1)
 *(.rela.sdata.*)
 *(.rela.gnu.linkonce.s*)

.rel.sbss
 *(.rel.sbss)

.rela.sbss
 *(.rela.sbss)

.rel.sdata2
 *(.rel.sdata2)

.rela.sdata2
 *(.rela.sdata2)

.rel.sbss2
 *(.rel.sbss2)

.rela.sbss2
 *(.rela.sbss2)

.rel.bss
 *(.rel.bss)

.rela.bss
 *(.rela.bss)

.rel.plt
 *(.rel.plt)

.rela.plt
 *(.rela.plt)

.plt
 *(.plt)
                0x0000000080000000                . = 0x80000000

.text           0x0000000080000000     0x7174
                0x0000000080000000                _ftext = .
 *(.text)
 .text          0x0000000080000000     0x1014 arch/mips32/start.o
                0x0000000080000000                exception
                0x0000000080001000                start
 .text          0x0000000080001014      0x124 arch/mips32/exc.o
                0x0000000080001014                do_exceptions
                0x00000000800010bc                register_exception_handler
                0x000000008000110c                init_exception
 .text          0x0000000080001138      0x1f4 arch/mips32/intr.o
                0x0000000080001138                init_interrupts
                0x000000008000116c                enable_interrupts
                0x00000000800011a8                disable_interrupts
                0x00000000800011e8                do_interrupts
                0x00000000800012b8                register_interrupt_handler
 .text          0x000000008000132c       0x24 arch/mips32/arch.o
                0x000000008000132c                get_phymm_size
 .text          0x0000000080001350      0x2a0 kernel/init.o
                0x0000000080001350                init_pgtable
                0x0000000080001370                init_fs
                0x0000000080001390                init_pc
                0x00000000800013b0                machine_info
                0x0000000080001438                init_kernel
 .text          0x00000000800015f0     0x1054 kernel/mm/bootmm.o
                0x00000000800015f0                set_mminfo
                0x0000000080001644                insert_mminfo
                0x0000000080001944                split_mminfo
                0x0000000080001af8                remove_mminfo
                0x0000000080001bf4                init_bootmm
                0x0000000080001d44                set_maps
                0x0000000080001dc8                find_pages
                0x0000000080001f84                bootmm_alloc_pages
                0x0000000080002108                bootmap_info
                0x0000000080002214                bootmm_free_pages
 .text          0x0000000080002644      0xce8 kernel/mm/slab.o
                0x0000000080002868                judge_slab_free
                0x00000000800028c0                init_kmem_cpu
                0x00000000800028f4                init_kmem_node
                0x0000000080002944                init_each_slab
                0x00000000800029f4                init_slab
                0x0000000080002a94                format_slabpage
                0x0000000080002be4                slab_alloc
                0x0000000080002e30                slab_free
                0x0000000080002fe4                get_slab
                0x000000008000310c                kmalloc
                0x000000008000326c                kfree
 .text          0x000000008000332c      0xf68 kernel/mm/buddy.o
                0x00000000800034e4                buddy_list_add
                0x0000000080003828                buddy_info
                0x0000000080003904                init_pages
                0x0000000080003a44                init_buddy
                0x0000000080003cf8                __free_pages
                0x0000000080003fb0                __alloc_pages
                0x00000000800041c4                alloc_pages
                0x0000000080004238                free_pages
 .text          0x0000000080004294      0x148 kernel/lock/lock.o
                0x00000000800042d0                init_lock
                0x0000000080004318                lockup
                0x0000000080004374                unlock
 .text          0x00000000800043dc      0x4fc kernel/driver/sd.o
                0x0000000080004488                sd_read_sector_blocking
                0x00000000800045b4                sd_write_sector_blocking
                0x00000000800046e0                sd_read_block
                0x00000000800047b8                sd_write_block
 .text          0x00000000800048d8      0xa90 kernel/driver/vga.o
                0x00000000800048d8                kernel_set_cursor
                0x0000000080004928                init_vga
                0x0000000080004978                kernel_clear_screen
                0x00000000800049ec                kernel_scroll_screen
                0x0000000080004a8c                kernel_putchar_at
                0x0000000080004b2c                kernel_putchar
                0x0000000080004d18                kernel_puts
                0x0000000080004d9c                kernel_putint
                0x0000000080004ef8                kernel_putintx
                0x0000000080004fc8                kernel_putinto
                0x0000000080005098                kernel_vprintf
                0x0000000080005304                kernel_printf
 .text          0x0000000080005368      0x5c4 kernel/driver/ps2.o
                0x0000000080005368                init_buffer
                0x00000000800053ec                init_ps2
                0x0000000080005444                ps2_handler
                0x000000008000573c                kernel_getkey
                0x00000000800057ec                kernel_scantoascii
                0x0000000080005890                sleep
                0x00000000800058cc                kernel_getchar
 .text          0x000000008000592c       0x3c kernel/syscall/syscall4.o
                0x000000008000592c                syscall4
 .text          0x0000000080005968      0x17c kernel/syscall/syscall.o
                0x0000000080005968                init_syscall
                0x00000000800059b8                syscall
                0x0000000080005a94                register_syscall
 .text          0x0000000080005ae4      0x528 kernel/time/time.o
                0x0000000080005ae4                get_time_string
                0x0000000080005e10                time_handler
                0x0000000080005f3c                init_time
                0x0000000080005f88                get_time
 .text          0x000000008000600c      0x398 utils/utils.o
                0x000000008000600c                kernel_memcpy
                0x0000000080006090                kernel_memset
                0x00000000800060c4                kernel_memset_word
                0x0000000080006124                kernel_strcmp
                0x00000000800061ac                kernel_strcpy
                0x0000000080006208                pow
                0x0000000080006284                kernel_cache
                0x00000000800062d4                kernel_serial_puts
                0x000000008000632c                kernel_serial_putc
                0x0000000080006364                is_bound
 .text          0x00000000800063a4      0x268 utils/log.o
                0x00000000800063a4                log_level_adv
                0x00000000800063e0                log_level_rec
                0x0000000080006418                log
                0x0000000080006598                step
                0x00000000800065e8                step_reset
 .text          0x000000008000660c       0x5c utils/assert.o
                0x000000008000660c                assert
 .text          0x0000000080006668      0xb0c usr/ps.o
                0x0000000080006668                test_syscall4
                0x0000000080006698                ps
                0x0000000080006864                parse_cmd
 *(.text.*)
 *(.stub)
 *(.gnu.warning)
 *(.gnu.linkonce.t*)
 *(.mips16.fn.*)
 *(.mips16.call.*)
                0x0000000080007174                _ecode = .

.init
 *(.init)

.fini
 *(.fini)

.rodata         0x0000000080007174      0x600
 *(.rodata)
 .rodata        0x0000000080007174       0xc8 kernel/init.o
 .rodata        0x000000008000723c       0xec kernel/mm/bootmm.o
 .rodata        0x0000000080007328       0xb4 kernel/mm/slab.o
 .rodata        0x00000000800073dc       0xd8 kernel/mm/buddy.o
 .rodata        0x00000000800074b4       0x40 kernel/driver/sd.o
 .rodata        0x00000000800074f4       0x6c kernel/driver/vga.o
 .rodata        0x0000000080007560       0x38 kernel/time/time.o
 .rodata        0x0000000080007598       0x78 utils/log.o
 .rodata        0x0000000080007610       0x14 utils/assert.o
 .rodata        0x0000000080007624      0x150 usr/ps.o
 *(.rodata.*)
 *(.gnu.linkonce.r*)

.MIPS.abiflags  0x0000000080007778       0x18
 .MIPS.abiflags
                0x0000000080007778       0x18 arch/mips32/start.o

.rodata1
 *(.rodata1)

.sdata2
 *(.sdata2)

.sbss2
 *(.sbss2)

.sdeinit
 *(.sdeinit)

.sdefini
 *(.sdefini)

.eh_frame
 *(.eh_frame)

.gcc_except_table
 *(.gcc_except_table)

.ctors
 *crt0.o(.ctors)
 *crtbegin.o(.ctors)
 *crtbeginS.o(.ctors)
 *(EXCLUDE_FILE(*crtn.o *crtendS.o *crtend.o) .ctors)
 *(SORT(.ctors.*))
 *(.ctors)

.dtors
 *crt0.o(.dtors)
 *crtbegin.o(.dtors)
 *crtbeginS.o(.dtors)
 *(EXCLUDE_FILE(*crtn.o *crtendS.o *crtend.o) .dtors)
 *(SORT(.dtors.*))
 *(.dtors)

.dynamic
 *(.dynamic)

.dynsym
 *(.dynsym)

.hash
 *(.hash)

.dynstr
 *(.dynstr)
                0x0000000080007790                __etext = .
                0x0000000080007790                _etext = .
                0x0000000080007790                PROVIDE (etext, .)
                0x0000000080007790                . = ALIGN (0x8)

.data           0x0000000080007790      0x14c
                0x0000000080007790                _fdata = .
 *(.data)
 .data          0x0000000080007790        0x0 arch/mips32/start.o
 .data          0x0000000080007790        0x0 arch/mips32/exc.o
 .data          0x0000000080007790        0x0 arch/mips32/intr.o
 .data          0x0000000080007790        0x0 arch/mips32/arch.o
 .data          0x0000000080007790        0x0 kernel/init.o
 .data          0x0000000080007790       0x1c kernel/mm/bootmm.o
                0x0000000080007790                mem_type_msg
 .data          0x00000000800077ac       0x30 kernel/mm/slab.o
 .data          0x00000000800077dc        0x0 kernel/mm/buddy.o
 .data          0x00000000800077dc        0x0 kernel/lock/lock.o
 .data          0x00000000800077dc        0x0 kernel/driver/sd.o
 .data          0x00000000800077dc        0x0 kernel/driver/vga.o
 .data          0x00000000800077dc      0x100 kernel/driver/ps2.o
                0x00000000800077dc                scantoascii_uppercase
                0x000000008000785c                scantoascii_lowercase
 .data          0x00000000800078dc        0x0 kernel/syscall/syscall4.o
 .data          0x00000000800078dc        0x0 kernel/syscall/syscall.o
 .data          0x00000000800078dc        0x0 kernel/time/time.o
 .data          0x00000000800078dc        0x0 utils/utils.o
 .data          0x00000000800078dc        0x0 utils/log.o
 .data          0x00000000800078dc        0x0 utils/assert.o
 .data          0x00000000800078dc        0x0 usr/ps.o
 *(.data.*)
 *(.gnu.linkonce.d*)

.data1
 *(.data1)
                0x000000008000f8d0                _gp = (ALIGN (0x10) + 0x7ff0)

.got
 *(.got.plt)
 *(.got)

.sdata          0x00000000800078dc       0x58
 *(.sdata)
 .sdata         0x00000000800078dc       0x34 arch/mips32/arch.o
                0x00000000800078dc                CHAR_VRAM
                0x00000000800078e0                GRAPHIC_VRAM
                0x00000000800078e4                GPIO_SWITCH
                0x00000000800078e8                GPIO_BUTTON
                0x00000000800078ec                GPIO_SEG
                0x00000000800078f0                GPIO_LED
                0x00000000800078f4                GPIO_PS2_DATA
                0x00000000800078f8                GPIO_PS2_CTRL
                0x00000000800078fc                GPIO_UART_DATA
                0x0000000080007900                GPIO_UART_CTRL
                0x0000000080007904                GPIO_CURSOR
                0x0000000080007908                VGA_MODE
                0x000000008000790c                kernel_sp
 .sdata         0x0000000080007910        0x8 kernel/driver/sd.o
 .sdata         0x0000000080007918       0x18 kernel/driver/vga.o
                0x0000000080007918                VGA_CHAR_MAX_ROW
                0x000000008000791c                VGA_CHAR_MAX_COL
                0x0000000080007920                VGA_CHAR_ROW
                0x0000000080007924                VGA_CHAR_COL
                0x0000000080007928                cursor_freq
 .sdata         0x0000000080007930        0x4 kernel/driver/ps2.o
 *(.sdata1)
 *(.sdata.*)
 *(.gnu.linkonce.s.*)

.lit8
 *(.lit8)

.lit4
 *(.lit4)
                0x0000000080007938                . = ALIGN (0x8)
                0x0000000080007938                _edata = .
                0x0000000080007938                PROVIDE (edata, .)
                0x0000000080007938                __bss_start = .
                0x0000000080007938                PROVIDE (__edata, .)
                0x0000000080007938                _fbss = .

.sbss           0x0000000080007938       0x3c
                0x0000000080007938                __sbss_start = .
                0x0000000080007938                ___sbss_start = .
 *(.dynsbss)
 *(.sbss)
 .sbss          0x0000000080007938       0x14 kernel/driver/ps2.o
 .sbss          0x000000008000794c        0x8 utils/log.o
                0x000000008000794c                gstep
 *(.sbss.*)
 *(.scommon)
 .scommon       0x0000000080007954        0x8 kernel/mm/bootmm.o
                0x0000000080007954                firstusercode_start
                0x0000000080007958                firstusercode_len
 .scommon       0x000000008000795c        0xc kernel/mm/buddy.o
                0x000000008000795c                kernel_start_pfn
                0x0000000080007960                kernel_end_pfn
                0x0000000080007964                pages
 .scommon       0x0000000080007968        0x8 kernel/driver/vga.o
                0x0000000080007968                cursor_col
                0x000000008000796c                cursor_row
 .scommon       0x0000000080007970        0x4 usr/ps.o
                0x0000000080007970                ps_buffer_index
                0x0000000080007974                __sbss_end = .
                0x0000000080007974                ___sbss_end = .

.bss            0x0000000080007974     0x8934
 *(.dynbss)
 *(.bss)
 .bss           0x0000000080007974        0x0 arch/mips32/start.o
 .bss           0x0000000080007974        0x0 arch/mips32/exc.o
 .bss           0x0000000080007974        0x0 arch/mips32/intr.o
 .bss           0x0000000080007974        0x0 arch/mips32/arch.o
 .bss           0x0000000080007974        0x0 kernel/init.o
 .bss           0x0000000080007974        0x0 kernel/mm/bootmm.o
 .bss           0x0000000080007974        0x0 kernel/mm/slab.o
 .bss           0x0000000080007974        0x0 kernel/mm/buddy.o
 .bss           0x0000000080007974        0x0 kernel/lock/lock.o
 .bss           0x0000000080007974        0x0 kernel/driver/sd.o
 .bss           0x0000000080007974        0x0 kernel/driver/vga.o
 .bss           0x0000000080007974      0x100 kernel/driver/ps2.o
 .bss           0x0000000080007a74        0x0 kernel/syscall/syscall4.o
 .bss           0x0000000080007a74        0x0 kernel/syscall/syscall.o
 .bss           0x0000000080007a74        0x0 kernel/time/time.o
 .bss           0x0000000080007a74        0x0 utils/utils.o
 .bss           0x0000000080007a74        0x0 utils/log.o
 .bss           0x0000000080007a74        0x0 utils/assert.o
 .bss           0x0000000080007a74        0x0 usr/ps.o
 *(.bss.*)
 *(COMMON)
 COMMON         0x0000000080007a74       0x80 arch/mips32/exc.o
                0x0000000080007a74                exceptions
 COMMON         0x0000000080007af4       0x20 arch/mips32/intr.o
                0x0000000080007af4                interrupts
 COMMON         0x0000000080007b14     0x8090 kernel/mm/bootmm.o
                0x0000000080007b14                bootmmmap
                0x000000008000fb14                bmm
 COMMON         0x000000008000fba4      0x270 kernel/mm/slab.o
                0x000000008000fba4                kmalloc_caches
 COMMON         0x000000008000fe14       0x54 kernel/mm/buddy.o
                0x000000008000fe14                buddy
 COMMON         0x000000008000fe68      0x400 kernel/syscall/syscall.o
                0x000000008000fe68                syscalls
 COMMON         0x0000000080010268       0x40 usr/ps.o
                0x0000000080010268                ps_buffer
                0x00000000800102a8                . = ALIGN (0x4)
                0x00000000800102a8                . = ALIGN (0x4)
                0x00000000800102a8                _end = .
                0x00000000800102a8                PROVIDE (__end, .)
                0x00000000800102a8                PROVIDE (end, .)

.stab
 *(.stab)

.stabstr
 *(.stabstr)

.stab.excl
 *(.stab.excl)

.stab.exclstr
 *(.stab.exclstr)

.stab.index
 *(.stab.index)

.stab.indexstr
 *(.stab.indexstr)

.comment        0x0000000000000000       0x44
 *(.comment)
 .comment       0x0000000000000000       0x44 arch/mips32/exc.o
                                         0x45 (size before relaxing)
 .comment       0x0000000000000044       0x45 arch/mips32/intr.o
 .comment       0x0000000000000044       0x45 arch/mips32/arch.o
 .comment       0x0000000000000044       0x45 kernel/init.o
 .comment       0x0000000000000044       0x45 kernel/mm/bootmm.o
 .comment       0x0000000000000044       0x45 kernel/mm/slab.o
 .comment       0x0000000000000044       0x45 kernel/mm/buddy.o
 .comment       0x0000000000000044       0x45 kernel/lock/lock.o
 .comment       0x0000000000000044       0x45 kernel/driver/sd.o
 .comment       0x0000000000000044       0x45 kernel/driver/vga.o
 .comment       0x0000000000000044       0x45 kernel/driver/ps2.o
 .comment       0x0000000000000044       0x45 kernel/syscall/syscall4.o
 .comment       0x0000000000000044       0x45 kernel/syscall/syscall.o
 .comment       0x0000000000000044       0x45 kernel/time/time.o
 .comment       0x0000000000000044       0x45 utils/utils.o
 .comment       0x0000000000000044       0x45 utils/log.o
 .comment       0x0000000000000044       0x45 utils/assert.o
 .comment       0x0000000000000044       0x45 usr/ps.o

.gnu.attributes
                0x0000000000000000       0x10
 .gnu.attributes
                0x0000000000000000       0x10 arch/mips32/start.o
 .gnu.attributes
                0x0000000000000010       0x10 arch/mips32/exc.o
 .gnu.attributes
                0x0000000000000020       0x10 arch/mips32/intr.o
 .gnu.attributes
                0x0000000000000030       0x10 arch/mips32/arch.o
 .gnu.attributes
                0x0000000000000040       0x10 kernel/init.o
 .gnu.attributes
                0x0000000000000050       0x10 kernel/mm/bootmm.o
 .gnu.attributes
                0x0000000000000060       0x10 kernel/mm/slab.o
 .gnu.attributes
                0x0000000000000070       0x10 kernel/mm/buddy.o
 .gnu.attributes
                0x0000000000000080       0x10 kernel/lock/lock.o
 .gnu.attributes
                0x0000000000000090       0x10 kernel/driver/sd.o
 .gnu.attributes
                0x00000000000000a0       0x10 kernel/driver/vga.o
 .gnu.attributes
                0x00000000000000b0       0x10 kernel/driver/ps2.o
 .gnu.attributes
                0x00000000000000c0       0x10 kernel/syscall/syscall4.o
 .gnu.attributes
                0x00000000000000d0       0x10 kernel/syscall/syscall.o
 .gnu.attributes
                0x00000000000000e0       0x10 kernel/time/time.o
 .gnu.attributes
                0x00000000000000f0       0x10 utils/utils.o
 .gnu.attributes
                0x0000000000000100       0x10 utils/log.o
 .gnu.attributes
                0x0000000000000110       0x10 utils/assert.o
 .gnu.attributes
                0x0000000000000120       0x10 usr/ps.o

.mdebug.abi32   0x0000000000000000        0x0
 .mdebug.abi32  0x0000000000000000        0x0 arch/mips32/exc.o
 .mdebug.abi32  0x0000000000000000        0x0 arch/mips32/intr.o
 .mdebug.abi32  0x0000000000000000        0x0 arch/mips32/arch.o
 .mdebug.abi32  0x0000000000000000        0x0 kernel/init.o
 .mdebug.abi32  0x0000000000000000        0x0 kernel/mm/bootmm.o
 .mdebug.abi32  0x0000000000000000        0x0 kernel/mm/slab.o
 .mdebug.abi32  0x0000000000000000        0x0 kernel/mm/buddy.o
 .mdebug.abi32  0x0000000000000000        0x0 kernel/lock/lock.o
 .mdebug.abi32  0x0000000000000000        0x0 kernel/driver/sd.o
 .mdebug.abi32  0x0000000000000000        0x0 kernel/driver/vga.o
 .mdebug.abi32  0x0000000000000000        0x0 kernel/driver/ps2.o
 .mdebug.abi32  0x0000000000000000        0x0 kernel/syscall/syscall4.o
 .mdebug.abi32  0x0000000000000000        0x0 kernel/syscall/syscall.o
 .mdebug.abi32  0x0000000000000000        0x0 kernel/time/time.o
 .mdebug.abi32  0x0000000000000000        0x0 utils/utils.o
 .mdebug.abi32  0x0000000000000000        0x0 utils/log.o
 .mdebug.abi32  0x0000000000000000        0x0 utils/assert.o
 .mdebug.abi32  0x0000000000000000        0x0 usr/ps.o

.debug
 *(.debug)

.line
 *(.line)

.debug_srcinfo
 *(.debug_srcinfo)

.debug_sfnames
 *(.debug_sfnames)

.debug_aranges
 *(.debug_aranges)

.debug_pubnames
 *(.debug_pubnames)

.debug_info
 *(.debug_info)

.debug_abbrev
 *(.debug_abbrev)

.debug_line
 *(.debug_line)

.debug_frame
 *(.debug_frame)

.debug_str
 *(.debug_str)

.debug_loc
 *(.debug_loc)

.debug_macinfo
 *(.debug_macinfo)

.debug_weaknames
 *(.debug_weaknames)

.debug_funcnames
 *(.debug_funcnames)

.debug_typenames
 *(.debug_typenames)

.debug_varnames
 *(.debug_varnames)

/DISCARD/
 *(.reginfo)

.gptab.sdata
 *(.gptab.data)
 *(.gptab.sdata)

.gptab.sbss
 *(.gptab.bss)
 *(.gptab.sbss)

.pdr            0x0000000000000000      0xde0
 *(.pdr)
 .pdr           0x0000000000000000        0x0 arch/mips32/start.o
 .pdr           0x0000000000000000       0x60 arch/mips32/exc.o
 .pdr           0x0000000000000060       0xa0 arch/mips32/intr.o
 .pdr           0x0000000000000100       0x20 arch/mips32/arch.o
 .pdr           0x0000000000000120       0xa0 kernel/init.o
 .pdr           0x00000000000001c0      0x140 kernel/mm/bootmm.o
 .pdr           0x0000000000000300      0x240 kernel/mm/slab.o
 .pdr           0x0000000000000540      0x1c0 kernel/mm/buddy.o
 .pdr           0x0000000000000700       0x80 kernel/lock/lock.o
 .pdr           0x0000000000000780       0xa0 kernel/driver/sd.o
 .pdr           0x0000000000000820      0x180 kernel/driver/vga.o
 .pdr           0x00000000000009a0       0xe0 kernel/driver/ps2.o
 .pdr           0x0000000000000a80       0x20 kernel/syscall/syscall4.o
 .pdr           0x0000000000000aa0       0x60 kernel/syscall/syscall.o
 .pdr           0x0000000000000b00       0x80 kernel/time/time.o
 .pdr           0x0000000000000b80      0x140 utils/utils.o
 .pdr           0x0000000000000cc0       0xa0 utils/log.o
 .pdr           0x0000000000000d60       0x20 utils/assert.o
 .pdr           0x0000000000000d80       0x60 usr/ps.o
LOAD arch/mips32/start.o
LOAD arch/mips32/exc.o
LOAD arch/mips32/intr.o
LOAD arch/mips32/arch.o
LOAD kernel/init.o
LOAD kernel/mm/bootmm.o
LOAD kernel/mm/slab.o
LOAD kernel/mm/buddy.o
LOAD kernel/lock/lock.o
LOAD kernel/driver/sd.o
LOAD kernel/driver/vga.o
LOAD kernel/driver/ps2.o
LOAD kernel/syscall/syscall4.o
LOAD kernel/syscall/syscall.o
LOAD kernel/time/time.o
LOAD utils/utils.o
LOAD utils/log.o
LOAD utils/assert.o
LOAD usr/ps.o
OUTPUT(kernel.elf elf32-tradlittlemips)
