
Allocating common symbols
Common symbol       size              file

interrupts          0x20              arch/mips32/intr.o
kernel_start_pfn    0x4               kernel/mm/buddy.o
cursor_col          0x4               kernel/driver/vga.o
bootmmmap           0x8000            kernel/mm/bootmm.o
syscalls            0x400             kernel/syscall/syscall.o
bmm                 0x90              kernel/mm/bootmm.o
cursor_row          0x4               kernel/driver/vga.o
ps_buffer_index     0x4               usr/ps.o
firstusercode_start
                    0x4               kernel/mm/bootmm.o
exceptions          0x80              arch/mips32/exc.o
kernel_end_pfn      0x4               kernel/mm/buddy.o
buddy               0x54              kernel/mm/buddy.o
firstusercode_len   0x4               kernel/mm/bootmm.o
pages               0x4               kernel/mm/buddy.o
kmalloc_caches      0x270             kernel/mm/slab.o
ps_buffer           0x40              usr/ps.o

Discarded input sections

 .reginfo       0x0000000000000000       0x18 arch/mips32/start.o
 .reginfo       0x0000000000000000       0x18 arch/mips32/exc.o
 .MIPS.abiflags
                0x0000000000000000       0x18 arch/mips32/exc.o
 .reginfo       0x0000000000000000       0x18 arch/mips32/intr.o
 .MIPS.abiflags
                0x0000000000000000       0x18 arch/mips32/intr.o
 .reginfo       0x0000000000000000       0x18 arch/mips32/arch.o
 .MIPS.abiflags
                0x0000000000000000       0x18 arch/mips32/arch.o
 .reginfo       0x0000000000000000       0x18 kernel/init.o
 .MIPS.abiflags
                0x0000000000000000       0x18 kernel/init.o
 .reginfo       0x0000000000000000       0x18 kernel/mm/bootmm.o
 .MIPS.abiflags
                0x0000000000000000       0x18 kernel/mm/bootmm.o
 .reginfo       0x0000000000000000       0x18 kernel/mm/slab.o
 .MIPS.abiflags
                0x0000000000000000       0x18 kernel/mm/slab.o
 .reginfo       0x0000000000000000       0x18 kernel/mm/buddy.o
 .MIPS.abiflags
                0x0000000000000000       0x18 kernel/mm/buddy.o
 .reginfo       0x0000000000000000       0x18 kernel/lock/lock.o
 .MIPS.abiflags
                0x0000000000000000       0x18 kernel/lock/lock.o
 .reginfo       0x0000000000000000       0x18 kernel/driver/sd.o
 .MIPS.abiflags
                0x0000000000000000       0x18 kernel/driver/sd.o
 .reginfo       0x0000000000000000       0x18 kernel/driver/vga.o
 .MIPS.abiflags
                0x0000000000000000       0x18 kernel/driver/vga.o
 .reginfo       0x0000000000000000       0x18 kernel/driver/ps2.o
 .MIPS.abiflags
                0x0000000000000000       0x18 kernel/driver/ps2.o
 .reginfo       0x0000000000000000       0x18 kernel/syscall/syscall4.o
 .MIPS.abiflags
                0x0000000000000000       0x18 kernel/syscall/syscall4.o
 .reginfo       0x0000000000000000       0x18 kernel/syscall/syscall.o
 .MIPS.abiflags
                0x0000000000000000       0x18 kernel/syscall/syscall.o
 .reginfo       0x0000000000000000       0x18 kernel/time/time.o
 .MIPS.abiflags
                0x0000000000000000       0x18 kernel/time/time.o
 .reginfo       0x0000000000000000       0x18 utils/utils.o
 .MIPS.abiflags
                0x0000000000000000       0x18 utils/utils.o
 .reginfo       0x0000000000000000       0x18 utils/log.o
 .MIPS.abiflags
                0x0000000000000000       0x18 utils/log.o
 .reginfo       0x0000000000000000       0x18 utils/assert.o
 .MIPS.abiflags
                0x0000000000000000       0x18 utils/assert.o
 .reginfo       0x0000000000000000       0x18 usr/ps.o
 .MIPS.abiflags
                0x0000000000000000       0x18 usr/ps.o

Memory Configuration

Name             Origin             Length             Attributes
*default*        0x0000000000000000 0xffffffffffffffff

Linker script and memory map

                0x0000000080020000                . = 0x80020000

.interp
 *(.interp)

.gnu.version
 *(.gnu.version)

.gnu.version_d
 *(.gnu.version_d)

.gnu.version_r
 *(.gnu.version_r)

.rel.init
 *(.rel.init)

.rela.init
 *(.rela.init)

.rel.text
 *(.rel.text)
 *(.rel.text.*)
 *(.rel.gnu.linkonce.t*)

.rela.text
 *(.rela.text)
 *(.rela.text.*)
 *(.rela.gnu.linkonce.t*)

.rel.fini
 *(.rel.fini)

.rela.fini
 *(.rela.fini)

.rel.rodata
 *(.rel.rodata)
 *(.rel.rodata.*)
 *(.rel.gnu.linkonce.r*)

.rela.rodata
 *(.rela.rodata)
 *(.rela.rodata.*)
 *(.rela.gnu.linkonce.r*)

.rel.data
 *(.rel.data)
 *(.rel.data.*)
 *(.rel.gnu.linkonce.d*)

.rela.data
 *(.rela.data)
 *(.rela.data.*)
 *(.rela.gnu.linkonce.d*)

.rel.ctors
 *(.rel.ctors)

.rela.ctors
 *(.rela.ctors)

.rel.dtors
 *(.rel.dtors)

.rela.dtors
 *(.rela.dtors)

.rel.got
 *(.rel.got)

.rela.got
 *(.rela.got)

.rel.sdata
 *(.rel.sdata)
 *(.rel.sdata1)
 *(.rel.sdata.*)
 *(.rel.gnu.linkonce.s*)

.rela.sdata
 *(.rela.sdata)
 *(.rela.sdata1)
 *(.rela.sdata.*)
 *(.rela.gnu.linkonce.s*)

.rel.sbss
 *(.rel.sbss)

.rela.sbss
 *(.rela.sbss)

.rel.sdata2
 *(.rel.sdata2)

.rela.sdata2
 *(.rela.sdata2)

.rel.sbss2
 *(.rel.sbss2)

.rela.sbss2
 *(.rela.sbss2)

.rel.bss
 *(.rel.bss)

.rela.bss
 *(.rela.bss)

.rel.plt
 *(.rel.plt)

.rela.plt
 *(.rela.plt)

.plt
 *(.plt)
                0x0000000080000000                . = 0x80000000

.text           0x0000000080000000     0x70e8
                0x0000000080000000                _ftext = .
 *(.text)
 .text          0x0000000080000000     0x1014 arch/mips32/start.o
                0x0000000080000000                exception
                0x0000000080001000                start
 .text          0x0000000080001014      0x124 arch/mips32/exc.o
                0x0000000080001014                do_exceptions
                0x00000000800010bc                register_exception_handler
                0x000000008000110c                init_exception
 .text          0x0000000080001138      0x1f4 arch/mips32/intr.o
                0x0000000080001138                init_interrupts
                0x000000008000116c                enable_interrupts
                0x00000000800011a8                disable_interrupts
                0x00000000800011e8                do_interrupts
                0x00000000800012b8                register_interrupt_handler
 .text          0x000000008000132c       0x24 arch/mips32/arch.o
                0x000000008000132c                get_phymm_size
 .text          0x0000000080001350      0x2a0 kernel/init.o
                0x0000000080001350                init_pgtable
                0x0000000080001370                init_fs
                0x0000000080001390                init_pc
                0x00000000800013b0                machine_info
                0x0000000080001438                init_kernel
 .text          0x00000000800015f0     0x1054 kernel/mm/bootmm.o
                0x00000000800015f0                set_mminfo
                0x0000000080001644                insert_mminfo
                0x0000000080001944                split_mminfo
                0x0000000080001af8                remove_mminfo
                0x0000000080001bf4                init_bootmm
                0x0000000080001d44                set_maps
                0x0000000080001dc8                find_pages
                0x0000000080001f84                bootmm_alloc_pages
                0x0000000080002108                bootmap_info
                0x0000000080002214                bootmm_free_pages
 .text          0x0000000080002644      0xca8 kernel/mm/slab.o
                0x0000000080002868                init_kmem_cpu
                0x000000008000289c                init_kmem_node
                0x00000000800028ec                init_each_slab
                0x000000008000299c                init_slab
                0x0000000080002a3c                format_slabpage
                0x0000000080002b94                slab_alloc
                0x0000000080002dcc                slab_free
                0x0000000080002f70                get_slab
                0x0000000080003098                kmalloc
                0x000000008000320c                kfree
 .text          0x00000000800032ec      0xf7c kernel/mm/buddy.o
                0x00000000800034a4                buddy_list_add
                0x00000000800037e8                buddy_info
                0x00000000800038c4                init_pages
                0x0000000080003a04                init_buddy
                0x0000000080003cb8                __free_pages
                0x0000000080003f84                __alloc_pages
                0x0000000080004198                alloc_pages
                0x000000008000420c                free_pages
 .text          0x0000000080004268      0x148 kernel/lock/lock.o
                0x00000000800042a4                init_lock
                0x00000000800042ec                lockup
                0x0000000080004348                unlock
 .text          0x00000000800043b0      0x4fc kernel/driver/sd.o
                0x000000008000445c                sd_read_sector_blocking
                0x0000000080004588                sd_write_sector_blocking
                0x00000000800046b4                sd_read_block
                0x000000008000478c                sd_write_block
 .text          0x00000000800048ac      0xa90 kernel/driver/vga.o
                0x00000000800048ac                kernel_set_cursor
                0x00000000800048fc                init_vga
                0x000000008000494c                kernel_clear_screen
                0x00000000800049c0                kernel_scroll_screen
                0x0000000080004a60                kernel_putchar_at
                0x0000000080004b00                kernel_putchar
                0x0000000080004cec                kernel_puts
                0x0000000080004d70                kernel_putint
                0x0000000080004ecc                kernel_putintx
                0x0000000080004f9c                kernel_putinto
                0x000000008000506c                kernel_vprintf
                0x00000000800052d8                kernel_printf
 .text          0x000000008000533c      0x5c4 kernel/driver/ps2.o
                0x000000008000533c                init_buffer
                0x00000000800053c0                init_ps2
                0x0000000080005418                ps2_handler
                0x0000000080005710                kernel_getkey
                0x00000000800057c0                kernel_scantoascii
                0x0000000080005864                sleep
                0x00000000800058a0                kernel_getchar
 .text          0x0000000080005900       0x3c kernel/syscall/syscall4.o
                0x0000000080005900                syscall4
 .text          0x000000008000593c      0x17c kernel/syscall/syscall.o
                0x000000008000593c                init_syscall
                0x000000008000598c                syscall
                0x0000000080005a68                register_syscall
 .text          0x0000000080005ab8      0x528 kernel/time/time.o
                0x0000000080005ab8                get_time_string
                0x0000000080005de4                time_handler
                0x0000000080005f10                init_time
                0x0000000080005f5c                get_time
 .text          0x0000000080005fe0      0x398 utils/utils.o
                0x0000000080005fe0                kernel_memcpy
                0x0000000080006064                kernel_memset
                0x0000000080006098                kernel_memset_word
                0x00000000800060f8                kernel_strcmp
                0x0000000080006180                kernel_strcpy
                0x00000000800061dc                pow
                0x0000000080006258                kernel_cache
                0x00000000800062a8                kernel_serial_puts
                0x0000000080006300                kernel_serial_putc
                0x0000000080006338                is_bound
 .text          0x0000000080006378      0x268 utils/log.o
                0x0000000080006378                log_level_adv
                0x00000000800063b4                log_level_rec
                0x00000000800063ec                log
                0x000000008000656c                step
                0x00000000800065bc                step_reset
 .text          0x00000000800065e0       0x5c utils/assert.o
                0x00000000800065e0                assert
 .text          0x000000008000663c      0xaac usr/ps.o
                0x000000008000663c                test_syscall4
                0x000000008000666c                ps
                0x0000000080006838                parse_cmd
 *(.text.*)
 *(.stub)
 *(.gnu.warning)
 *(.gnu.linkonce.t*)
 *(.mips16.fn.*)
 *(.mips16.call.*)
                0x00000000800070e8                _ecode = .

.init
 *(.init)

.fini
 *(.fini)

.rodata         0x00000000800070e8      0x61c
 *(.rodata)
 .rodata        0x00000000800070e8       0xc8 kernel/init.o
 .rodata        0x00000000800071b0       0xec kernel/mm/bootmm.o
 .rodata        0x000000008000729c       0xbc kernel/mm/slab.o
 .rodata        0x0000000080007358       0xec kernel/mm/buddy.o
 .rodata        0x0000000080007444       0x40 kernel/driver/sd.o
 .rodata        0x0000000080007484       0x6c kernel/driver/vga.o
 .rodata        0x00000000800074f0       0x38 kernel/time/time.o
 .rodata        0x0000000080007528       0x78 utils/log.o
 .rodata        0x00000000800075a0       0x14 utils/assert.o
 .rodata        0x00000000800075b4      0x150 usr/ps.o
 *(.rodata.*)
 *(.gnu.linkonce.r*)

.MIPS.abiflags  0x0000000080007708       0x18
 .MIPS.abiflags
                0x0000000080007708       0x18 arch/mips32/start.o

.rodata1
 *(.rodata1)

.sdata2
 *(.sdata2)

.sbss2
 *(.sbss2)

.sdeinit
 *(.sdeinit)

.sdefini
 *(.sdefini)

.eh_frame
 *(.eh_frame)

.gcc_except_table
 *(.gcc_except_table)

.ctors
 *crt0.o(.ctors)
 *crtbegin.o(.ctors)
 *crtbeginS.o(.ctors)
 *(EXCLUDE_FILE(*crtn.o *crtendS.o *crtend.o) .ctors)
 *(SORT(.ctors.*))
 *(.ctors)

.dtors
 *crt0.o(.dtors)
 *crtbegin.o(.dtors)
 *crtbeginS.o(.dtors)
 *(EXCLUDE_FILE(*crtn.o *crtendS.o *crtend.o) .dtors)
 *(SORT(.dtors.*))
 *(.dtors)

.dynamic
 *(.dynamic)

.dynsym
 *(.dynsym)

.hash
 *(.hash)

.dynstr
 *(.dynstr)
                0x0000000080007720                __etext = .
                0x0000000080007720                _etext = .
                0x0000000080007720                PROVIDE (etext, .)
                0x0000000080007720                . = ALIGN (0x8)

.data           0x0000000080007720      0x14c
                0x0000000080007720                _fdata = .
 *(.data)
 .data          0x0000000080007720        0x0 arch/mips32/start.o
 .data          0x0000000080007720        0x0 arch/mips32/exc.o
 .data          0x0000000080007720        0x0 arch/mips32/intr.o
 .data          0x0000000080007720        0x0 arch/mips32/arch.o
 .data          0x0000000080007720        0x0 kernel/init.o
 .data          0x0000000080007720       0x1c kernel/mm/bootmm.o
                0x0000000080007720                mem_type_msg
 .data          0x000000008000773c       0x30 kernel/mm/slab.o
 .data          0x000000008000776c        0x0 kernel/mm/buddy.o
 .data          0x000000008000776c        0x0 kernel/lock/lock.o
 .data          0x000000008000776c        0x0 kernel/driver/sd.o
 .data          0x000000008000776c        0x0 kernel/driver/vga.o
 .data          0x000000008000776c      0x100 kernel/driver/ps2.o
                0x000000008000776c                scantoascii_uppercase
                0x00000000800077ec                scantoascii_lowercase
 .data          0x000000008000786c        0x0 kernel/syscall/syscall4.o
 .data          0x000000008000786c        0x0 kernel/syscall/syscall.o
 .data          0x000000008000786c        0x0 kernel/time/time.o
 .data          0x000000008000786c        0x0 utils/utils.o
 .data          0x000000008000786c        0x0 utils/log.o
 .data          0x000000008000786c        0x0 utils/assert.o
 .data          0x000000008000786c        0x0 usr/ps.o
 *(.data.*)
 *(.gnu.linkonce.d*)

.data1
 *(.data1)
                0x000000008000f860                _gp = (ALIGN (0x10) + 0x7ff0)

.got
 *(.got.plt)
 *(.got)

.sdata          0x000000008000786c       0x58
 *(.sdata)
 .sdata         0x000000008000786c       0x34 arch/mips32/arch.o
                0x000000008000786c                CHAR_VRAM
                0x0000000080007870                GRAPHIC_VRAM
                0x0000000080007874                GPIO_SWITCH
                0x0000000080007878                GPIO_BUTTON
                0x000000008000787c                GPIO_SEG
                0x0000000080007880                GPIO_LED
                0x0000000080007884                GPIO_PS2_DATA
                0x0000000080007888                GPIO_PS2_CTRL
                0x000000008000788c                GPIO_UART_DATA
                0x0000000080007890                GPIO_UART_CTRL
                0x0000000080007894                GPIO_CURSOR
                0x0000000080007898                VGA_MODE
                0x000000008000789c                kernel_sp
 .sdata         0x00000000800078a0        0x8 kernel/driver/sd.o
 .sdata         0x00000000800078a8       0x18 kernel/driver/vga.o
                0x00000000800078a8                VGA_CHAR_MAX_ROW
                0x00000000800078ac                VGA_CHAR_MAX_COL
                0x00000000800078b0                VGA_CHAR_ROW
                0x00000000800078b4                VGA_CHAR_COL
                0x00000000800078b8                cursor_freq
 .sdata         0x00000000800078c0        0x4 kernel/driver/ps2.o
 *(.sdata1)
 *(.sdata.*)
 *(.gnu.linkonce.s.*)

.lit8
 *(.lit8)

.lit4
 *(.lit4)
                0x00000000800078c8                . = ALIGN (0x8)
                0x00000000800078c8                _edata = .
                0x00000000800078c8                PROVIDE (edata, .)
                0x00000000800078c8                __bss_start = .
                0x00000000800078c8                PROVIDE (__edata, .)
                0x00000000800078c8                _fbss = .

.sbss           0x00000000800078c8       0x3c
                0x00000000800078c8                __sbss_start = .
                0x00000000800078c8                ___sbss_start = .
 *(.dynsbss)
 *(.sbss)
 .sbss          0x00000000800078c8       0x14 kernel/driver/ps2.o
 .sbss          0x00000000800078dc        0x8 utils/log.o
                0x00000000800078dc                gstep
 *(.sbss.*)
 *(.scommon)
 .scommon       0x00000000800078e4        0x8 kernel/mm/bootmm.o
                0x00000000800078e4                firstusercode_start
                0x00000000800078e8                firstusercode_len
 .scommon       0x00000000800078ec        0xc kernel/mm/buddy.o
                0x00000000800078ec                kernel_start_pfn
                0x00000000800078f0                kernel_end_pfn
                0x00000000800078f4                pages
 .scommon       0x00000000800078f8        0x8 kernel/driver/vga.o
                0x00000000800078f8                cursor_col
                0x00000000800078fc                cursor_row
 .scommon       0x0000000080007900        0x4 usr/ps.o
                0x0000000080007900                ps_buffer_index
                0x0000000080007904                __sbss_end = .
                0x0000000080007904                ___sbss_end = .

.bss            0x0000000080007904     0x8934
 *(.dynbss)
 *(.bss)
 .bss           0x0000000080007904        0x0 arch/mips32/start.o
 .bss           0x0000000080007904        0x0 arch/mips32/exc.o
 .bss           0x0000000080007904        0x0 arch/mips32/intr.o
 .bss           0x0000000080007904        0x0 arch/mips32/arch.o
 .bss           0x0000000080007904        0x0 kernel/init.o
 .bss           0x0000000080007904        0x0 kernel/mm/bootmm.o
 .bss           0x0000000080007904        0x0 kernel/mm/slab.o
 .bss           0x0000000080007904        0x0 kernel/mm/buddy.o
 .bss           0x0000000080007904        0x0 kernel/lock/lock.o
 .bss           0x0000000080007904        0x0 kernel/driver/sd.o
 .bss           0x0000000080007904        0x0 kernel/driver/vga.o
 .bss           0x0000000080007904      0x100 kernel/driver/ps2.o
 .bss           0x0000000080007a04        0x0 kernel/syscall/syscall4.o
 .bss           0x0000000080007a04        0x0 kernel/syscall/syscall.o
 .bss           0x0000000080007a04        0x0 kernel/time/time.o
 .bss           0x0000000080007a04        0x0 utils/utils.o
 .bss           0x0000000080007a04        0x0 utils/log.o
 .bss           0x0000000080007a04        0x0 utils/assert.o
 .bss           0x0000000080007a04        0x0 usr/ps.o
 *(.bss.*)
 *(COMMON)
 COMMON         0x0000000080007a04       0x80 arch/mips32/exc.o
                0x0000000080007a04                exceptions
 COMMON         0x0000000080007a84       0x20 arch/mips32/intr.o
                0x0000000080007a84                interrupts
 COMMON         0x0000000080007aa4     0x8090 kernel/mm/bootmm.o
                0x0000000080007aa4                bootmmmap
                0x000000008000faa4                bmm
 COMMON         0x000000008000fb34      0x270 kernel/mm/slab.o
                0x000000008000fb34                kmalloc_caches
 COMMON         0x000000008000fda4       0x54 kernel/mm/buddy.o
                0x000000008000fda4                buddy
 COMMON         0x000000008000fdf8      0x400 kernel/syscall/syscall.o
                0x000000008000fdf8                syscalls
 COMMON         0x00000000800101f8       0x40 usr/ps.o
                0x00000000800101f8                ps_buffer
                0x0000000080010238                . = ALIGN (0x4)
                0x0000000080010238                . = ALIGN (0x4)
                0x0000000080010238                _end = .
                0x0000000080010238                PROVIDE (__end, .)
                0x0000000080010238                PROVIDE (end, .)

.stab
 *(.stab)

.stabstr
 *(.stabstr)

.stab.excl
 *(.stab.excl)

.stab.exclstr
 *(.stab.exclstr)

.stab.index
 *(.stab.index)

.stab.indexstr
 *(.stab.indexstr)

.comment        0x0000000000000000       0x44
 *(.comment)
 .comment       0x0000000000000000       0x44 arch/mips32/exc.o
                                         0x45 (size before relaxing)
 .comment       0x0000000000000044       0x45 arch/mips32/intr.o
 .comment       0x0000000000000044       0x45 arch/mips32/arch.o
 .comment       0x0000000000000044       0x45 kernel/init.o
 .comment       0x0000000000000044       0x45 kernel/mm/bootmm.o
 .comment       0x0000000000000044       0x45 kernel/mm/slab.o
 .comment       0x0000000000000044       0x45 kernel/mm/buddy.o
 .comment       0x0000000000000044       0x45 kernel/lock/lock.o
 .comment       0x0000000000000044       0x45 kernel/driver/sd.o
 .comment       0x0000000000000044       0x45 kernel/driver/vga.o
 .comment       0x0000000000000044       0x45 kernel/driver/ps2.o
 .comment       0x0000000000000044       0x45 kernel/syscall/syscall4.o
 .comment       0x0000000000000044       0x45 kernel/syscall/syscall.o
 .comment       0x0000000000000044       0x45 kernel/time/time.o
 .comment       0x0000000000000044       0x45 utils/utils.o
 .comment       0x0000000000000044       0x45 utils/log.o
 .comment       0x0000000000000044       0x45 utils/assert.o
 .comment       0x0000000000000044       0x45 usr/ps.o

.gnu.attributes
                0x0000000000000000       0x10
 .gnu.attributes
                0x0000000000000000       0x10 arch/mips32/start.o
 .gnu.attributes
                0x0000000000000010       0x10 arch/mips32/exc.o
 .gnu.attributes
                0x0000000000000020       0x10 arch/mips32/intr.o
 .gnu.attributes
                0x0000000000000030       0x10 arch/mips32/arch.o
 .gnu.attributes
                0x0000000000000040       0x10 kernel/init.o
 .gnu.attributes
                0x0000000000000050       0x10 kernel/mm/bootmm.o
 .gnu.attributes
                0x0000000000000060       0x10 kernel/mm/slab.o
 .gnu.attributes
                0x0000000000000070       0x10 kernel/mm/buddy.o
 .gnu.attributes
                0x0000000000000080       0x10 kernel/lock/lock.o
 .gnu.attributes
                0x0000000000000090       0x10 kernel/driver/sd.o
 .gnu.attributes
                0x00000000000000a0       0x10 kernel/driver/vga.o
 .gnu.attributes
                0x00000000000000b0       0x10 kernel/driver/ps2.o
 .gnu.attributes
                0x00000000000000c0       0x10 kernel/syscall/syscall4.o
 .gnu.attributes
                0x00000000000000d0       0x10 kernel/syscall/syscall.o
 .gnu.attributes
                0x00000000000000e0       0x10 kernel/time/time.o
 .gnu.attributes
                0x00000000000000f0       0x10 utils/utils.o
 .gnu.attributes
                0x0000000000000100       0x10 utils/log.o
 .gnu.attributes
                0x0000000000000110       0x10 utils/assert.o
 .gnu.attributes
                0x0000000000000120       0x10 usr/ps.o

.mdebug.abi32   0x0000000000000000        0x0
 .mdebug.abi32  0x0000000000000000        0x0 arch/mips32/exc.o
 .mdebug.abi32  0x0000000000000000        0x0 arch/mips32/intr.o
 .mdebug.abi32  0x0000000000000000        0x0 arch/mips32/arch.o
 .mdebug.abi32  0x0000000000000000        0x0 kernel/init.o
 .mdebug.abi32  0x0000000000000000        0x0 kernel/mm/bootmm.o
 .mdebug.abi32  0x0000000000000000        0x0 kernel/mm/slab.o
 .mdebug.abi32  0x0000000000000000        0x0 kernel/mm/buddy.o
 .mdebug.abi32  0x0000000000000000        0x0 kernel/lock/lock.o
 .mdebug.abi32  0x0000000000000000        0x0 kernel/driver/sd.o
 .mdebug.abi32  0x0000000000000000        0x0 kernel/driver/vga.o
 .mdebug.abi32  0x0000000000000000        0x0 kernel/driver/ps2.o
 .mdebug.abi32  0x0000000000000000        0x0 kernel/syscall/syscall4.o
 .mdebug.abi32  0x0000000000000000        0x0 kernel/syscall/syscall.o
 .mdebug.abi32  0x0000000000000000        0x0 kernel/time/time.o
 .mdebug.abi32  0x0000000000000000        0x0 utils/utils.o
 .mdebug.abi32  0x0000000000000000        0x0 utils/log.o
 .mdebug.abi32  0x0000000000000000        0x0 utils/assert.o
 .mdebug.abi32  0x0000000000000000        0x0 usr/ps.o

.debug
 *(.debug)

.line
 *(.line)

.debug_srcinfo
 *(.debug_srcinfo)

.debug_sfnames
 *(.debug_sfnames)

.debug_aranges
 *(.debug_aranges)

.debug_pubnames
 *(.debug_pubnames)

.debug_info
 *(.debug_info)

.debug_abbrev
 *(.debug_abbrev)

.debug_line
 *(.debug_line)

.debug_frame
 *(.debug_frame)

.debug_str
 *(.debug_str)

.debug_loc
 *(.debug_loc)

.debug_macinfo
 *(.debug_macinfo)

.debug_weaknames
 *(.debug_weaknames)

.debug_funcnames
 *(.debug_funcnames)

.debug_typenames
 *(.debug_typenames)

.debug_varnames
 *(.debug_varnames)

/DISCARD/
 *(.reginfo)

.gptab.sdata
 *(.gptab.data)
 *(.gptab.sdata)

.gptab.sbss
 *(.gptab.bss)
 *(.gptab.sbss)

.pdr            0x0000000000000000      0xdc0
 *(.pdr)
 .pdr           0x0000000000000000        0x0 arch/mips32/start.o
 .pdr           0x0000000000000000       0x60 arch/mips32/exc.o
 .pdr           0x0000000000000060       0xa0 arch/mips32/intr.o
 .pdr           0x0000000000000100       0x20 arch/mips32/arch.o
 .pdr           0x0000000000000120       0xa0 kernel/init.o
 .pdr           0x00000000000001c0      0x140 kernel/mm/bootmm.o
 .pdr           0x0000000000000300      0x220 kernel/mm/slab.o
 .pdr           0x0000000000000520      0x1c0 kernel/mm/buddy.o
 .pdr           0x00000000000006e0       0x80 kernel/lock/lock.o
 .pdr           0x0000000000000760       0xa0 kernel/driver/sd.o
 .pdr           0x0000000000000800      0x180 kernel/driver/vga.o
 .pdr           0x0000000000000980       0xe0 kernel/driver/ps2.o
 .pdr           0x0000000000000a60       0x20 kernel/syscall/syscall4.o
 .pdr           0x0000000000000a80       0x60 kernel/syscall/syscall.o
 .pdr           0x0000000000000ae0       0x80 kernel/time/time.o
 .pdr           0x0000000000000b60      0x140 utils/utils.o
 .pdr           0x0000000000000ca0       0xa0 utils/log.o
 .pdr           0x0000000000000d40       0x20 utils/assert.o
 .pdr           0x0000000000000d60       0x60 usr/ps.o
LOAD arch/mips32/start.o
LOAD arch/mips32/exc.o
LOAD arch/mips32/intr.o
LOAD arch/mips32/arch.o
LOAD kernel/init.o
LOAD kernel/mm/bootmm.o
LOAD kernel/mm/slab.o
LOAD kernel/mm/buddy.o
LOAD kernel/lock/lock.o
LOAD kernel/driver/sd.o
LOAD kernel/driver/vga.o
LOAD kernel/driver/ps2.o
LOAD kernel/syscall/syscall4.o
LOAD kernel/syscall/syscall.o
LOAD kernel/time/time.o
LOAD utils/utils.o
LOAD utils/log.o
LOAD utils/assert.o
LOAD usr/ps.o
OUTPUT(kernel.elf elf32-tradlittlemips)
